Archive member included to satisfy reference by file (symbol)

e:/software/stm32cube/gcc-arm-none-eabi-10.3-2021.10/bin/../lib/gcc/arm-none-eabi/10.3.1/../../../../arm-none-eabi/lib/thumb/v7-m/nofp\libg.a(lib_a-errno.o)
                              CMakeFiles/LED.elf.dir/Core/Src/syscalls.c.obj (__errno)
e:/software/stm32cube/gcc-arm-none-eabi-10.3-2021.10/bin/../lib/gcc/arm-none-eabi/10.3.1/../../../../arm-none-eabi/lib/thumb/v7-m/nofp\libg.a(lib_a-exit.o)
                              e:/software/stm32cube/gcc-arm-none-eabi-10.3-2021.10/bin/../lib/gcc/arm-none-eabi/10.3.1/../../../../arm-none-eabi/lib/thumb/v7-m/nofp/crt0.o (exit)
e:/software/stm32cube/gcc-arm-none-eabi-10.3-2021.10/bin/../lib/gcc/arm-none-eabi/10.3.1/../../../../arm-none-eabi/lib/thumb/v7-m/nofp\libg.a(lib_a-impure.o)
                              e:/software/stm32cube/gcc-arm-none-eabi-10.3-2021.10/bin/../lib/gcc/arm-none-eabi/10.3.1/../../../../arm-none-eabi/lib/thumb/v7-m/nofp\libg.a(lib_a-exit.o) (_global_impure_ptr)
e:/software/stm32cube/gcc-arm-none-eabi-10.3-2021.10/bin/../lib/gcc/arm-none-eabi/10.3.1/../../../../arm-none-eabi/lib/thumb/v7-m/nofp\libg.a(lib_a-init.o)
                              e:/software/stm32cube/gcc-arm-none-eabi-10.3-2021.10/bin/../lib/gcc/arm-none-eabi/10.3.1/../../../../arm-none-eabi/lib/thumb/v7-m/nofp/crt0.o (__libc_init_array)
e:/software/stm32cube/gcc-arm-none-eabi-10.3-2021.10/bin/../lib/gcc/arm-none-eabi/10.3.1/../../../../arm-none-eabi/lib/thumb/v7-m/nofp\libg.a(lib_a-memset.o)
                              e:/software/stm32cube/gcc-arm-none-eabi-10.3-2021.10/bin/../lib/gcc/arm-none-eabi/10.3.1/../../../../arm-none-eabi/lib/thumb/v7-m/nofp/crt0.o (memset)
e:/software/stm32cube/gcc-arm-none-eabi-10.3-2021.10/bin/../lib/gcc/arm-none-eabi/10.3.1/../../../../arm-none-eabi/lib/thumb/v7-m/nofp\libg.a(lib_a-__call_atexit.o)
                              e:/software/stm32cube/gcc-arm-none-eabi-10.3-2021.10/bin/../lib/gcc/arm-none-eabi/10.3.1/../../../../arm-none-eabi/lib/thumb/v7-m/nofp\libg.a(lib_a-exit.o) (__call_exitprocs)
e:/software/stm32cube/gcc-arm-none-eabi-10.3-2021.10/bin/../lib/gcc/arm-none-eabi/10.3.1/../../../../arm-none-eabi/lib/thumb/v7-m/nofp\libg.a(lib_a-atexit.o)
                              e:/software/stm32cube/gcc-arm-none-eabi-10.3-2021.10/bin/../lib/gcc/arm-none-eabi/10.3.1/../../../../arm-none-eabi/lib/thumb/v7-m/nofp\libg.a(lib_a-__call_atexit.o) (atexit)
e:/software/stm32cube/gcc-arm-none-eabi-10.3-2021.10/bin/../lib/gcc/arm-none-eabi/10.3.1/../../../../arm-none-eabi/lib/thumb/v7-m/nofp\libg.a(lib_a-fini.o)
                              e:/software/stm32cube/gcc-arm-none-eabi-10.3-2021.10/bin/../lib/gcc/arm-none-eabi/10.3.1/../../../../arm-none-eabi/lib/thumb/v7-m/nofp\libg.a(lib_a-__call_atexit.o) (__libc_fini_array)
e:/software/stm32cube/gcc-arm-none-eabi-10.3-2021.10/bin/../lib/gcc/arm-none-eabi/10.3.1/../../../../arm-none-eabi/lib/thumb/v7-m/nofp\libg.a(lib_a-lock.o)
                              e:/software/stm32cube/gcc-arm-none-eabi-10.3-2021.10/bin/../lib/gcc/arm-none-eabi/10.3.1/../../../../arm-none-eabi/lib/thumb/v7-m/nofp\libg.a(lib_a-__call_atexit.o) (__retarget_lock_acquire_recursive)
e:/software/stm32cube/gcc-arm-none-eabi-10.3-2021.10/bin/../lib/gcc/arm-none-eabi/10.3.1/../../../../arm-none-eabi/lib/thumb/v7-m/nofp\libg.a(lib_a-__atexit.o)
                              e:/software/stm32cube/gcc-arm-none-eabi-10.3-2021.10/bin/../lib/gcc/arm-none-eabi/10.3.1/../../../../arm-none-eabi/lib/thumb/v7-m/nofp\libg.a(lib_a-atexit.o) (__register_exitproc)

Discarded input sections

 .text          0x00000000        0x0 e:/software/stm32cube/gcc-arm-none-eabi-10.3-2021.10/bin/../lib/gcc/arm-none-eabi/10.3.1/thumb/v7-m/nofp/crti.o
 .data          0x00000000        0x0 e:/software/stm32cube/gcc-arm-none-eabi-10.3-2021.10/bin/../lib/gcc/arm-none-eabi/10.3.1/thumb/v7-m/nofp/crti.o
 .bss           0x00000000        0x0 e:/software/stm32cube/gcc-arm-none-eabi-10.3-2021.10/bin/../lib/gcc/arm-none-eabi/10.3.1/thumb/v7-m/nofp/crti.o
 .data          0x00000000        0x4 e:/software/stm32cube/gcc-arm-none-eabi-10.3-2021.10/bin/../lib/gcc/arm-none-eabi/10.3.1/thumb/v7-m/nofp/crtbegin.o
 .rodata        0x00000000       0x24 e:/software/stm32cube/gcc-arm-none-eabi-10.3-2021.10/bin/../lib/gcc/arm-none-eabi/10.3.1/thumb/v7-m/nofp/crtbegin.o
 .text          0x00000000       0x7c e:/software/stm32cube/gcc-arm-none-eabi-10.3-2021.10/bin/../lib/gcc/arm-none-eabi/10.3.1/../../../../arm-none-eabi/lib/thumb/v7-m/nofp/crt0.o
 .data          0x00000000        0x0 e:/software/stm32cube/gcc-arm-none-eabi-10.3-2021.10/bin/../lib/gcc/arm-none-eabi/10.3.1/../../../../arm-none-eabi/lib/thumb/v7-m/nofp/crt0.o
 .bss           0x00000000        0x0 e:/software/stm32cube/gcc-arm-none-eabi-10.3-2021.10/bin/../lib/gcc/arm-none-eabi/10.3.1/../../../../arm-none-eabi/lib/thumb/v7-m/nofp/crt0.o
[...]
Memory Configuration

Name             Origin             Length             Attributes
RAM              0x20000000         0x00005000         xrw
FLASH            0x08000000         0x00010000         xr
*default*        0x00000000         0xffffffff

Linker script and memory map

LOAD e:/software/stm32cube/gcc-arm-none-eabi-10.3-2021.10/bin/../lib/gcc/arm-none-eabi/10.3.1/thumb/v7-m/nofp/crti.o
LOAD e:/software/stm32cube/gcc-arm-none-eabi-10.3-2021.10/bin/../lib/gcc/arm-none-eabi/10.3.1/thumb/v7-m/nofp/crtbegin.o
LOAD e:/software/stm32cube/gcc-arm-none-eabi-10.3-2021.10/bin/../lib/gcc/arm-none-eabi/10.3.1/../../../../arm-none-eabi/lib/thumb/v7-m/nofp/crt0.o
LOAD CMakeFiles/LED.elf.dir/Core/Src/dma.c.obj
LOAD CMakeFiles/LED.elf.dir/Core/Src/gpio.c.obj
LOAD CMakeFiles/LED.elf.dir/Core/Src/i2c.c.obj
LOAD CMakeFiles/LED.elf.dir/Core/Src/main.c.obj
LOAD CMakeFiles/LED.elf.dir/Core/Src/oled.c.obj
LOAD CMakeFiles/LED.elf.dir/Core/Src/stm32f1xx_hal_msp.c.obj
LOAD CMakeFiles/LED.elf.dir/Core/Src/stm32f1xx_it.c.obj
LOAD CMakeFiles/LED.elf.dir/Core/Src/syscalls.c.obj
LOAD CMakeFiles/LED.elf.dir/Core/Src/sysmem.c.obj
LOAD CMakeFiles/LED.elf.dir/Core/Src/system_stm32f1xx.c.obj
LOAD CMakeFiles/LED.elf.dir/Core/Startup/startup_stm32f103c8tx.s.obj
LOAD CMakeFiles/LED.elf.dir/Drivers/STM32F1xx_HAL_Driver/Src/stm32f1xx_hal.c.obj
LOAD CMakeFiles/LED.elf.dir/Drivers/STM32F1xx_HAL_Driver/Src/stm32f1xx_hal_cortex.c.obj
LOAD CMakeFiles/LED.elf.dir/Drivers/STM32F1xx_HAL_Driver/Src/stm32f1xx_hal_dma.c.obj
LOAD CMakeFiles/LED.elf.dir/Drivers/STM32F1xx_HAL_Driver/Src/stm32f1xx_hal_exti.c.obj
LOAD CMakeFiles/LED.elf.dir/Drivers/STM32F1xx_HAL_Driver/Src/stm32f1xx_hal_flash.c.obj
LOAD CMakeFiles/LED.elf.dir/Drivers/STM32F1xx_HAL_Driver/Src/stm32f1xx_hal_flash_ex.c.obj
LOAD CMakeFiles/LED.elf.dir/Drivers/STM32F1xx_HAL_Driver/Src/stm32f1xx_hal_gpio.c.obj
LOAD CMakeFiles/LED.elf.dir/Drivers/STM32F1xx_HAL_Driver/Src/stm32f1xx_hal_gpio_ex.c.obj
LOAD CMakeFiles/LED.elf.dir/Drivers/STM32F1xx_HAL_Driver/Src/stm32f1xx_hal_i2c.c.obj
LOAD CMakeFiles/LED.elf.dir/Drivers/STM32F1xx_HAL_Driver/Src/stm32f1xx_hal_pwr.c.obj
LOAD CMakeFiles/LED.elf.dir/Drivers/STM32F1xx_HAL_Driver/Src/stm32f1xx_hal_rcc.c.obj
LOAD CMakeFiles/LED.elf.dir/Drivers/STM32F1xx_HAL_Driver/Src/stm32f1xx_hal_rcc_ex.c.obj
LOAD CMakeFiles/LED.elf.dir/Drivers/STM32F1xx_HAL_Driver/Src/stm32f1xx_hal_tim.c.obj
LOAD CMakeFiles/LED.elf.dir/Drivers/STM32F1xx_HAL_Driver/Src/stm32f1xx_hal_tim_ex.c.obj
START GROUP
LOAD e:/software/stm32cube/gcc-arm-none-eabi-10.3-2021.10/bin/../lib/gcc/arm-none-eabi/10.3.1/thumb/v7-m/nofp\libgcc.a
LOAD e:/software/stm32cube/gcc-arm-none-eabi-10.3-2021.10/bin/../lib/gcc/arm-none-eabi/10.3.1/../../../../arm-none-eabi/lib/thumb/v7-m/nofp\libg.a
LOAD e:/software/stm32cube/gcc-arm-none-eabi-10.3-2021.10/bin/../lib/gcc/arm-none-eabi/10.3.1/../../../../arm-none-eabi/lib/thumb/v7-m/nofp\libc.a
END GROUP
LOAD e:/software/stm32cube/gcc-arm-none-eabi-10.3-2021.10/bin/../lib/gcc/arm-none-eabi/10.3.1/thumb/v7-m/nofp/crtend.o
LOAD e:/software/stm32cube/gcc-arm-none-eabi-10.3-2021.10/bin/../lib/gcc/arm-none-eabi/10.3.1/thumb/v7-m/nofp/crtn.o
                0x20005000                _estack = (ORIGIN (RAM) + LENGTH (RAM))
                0x00000200                _Min_Heap_Size = 0x200
                0x00000400                _Min_Stack_Size = 0x400

.isr_vector     0x08000000      0x10c
                0x08000000                . = ALIGN (0x4)
 *(.isr_vector)
 .isr_vector    0x08000000      0x10c CMakeFiles/LED.elf.dir/Core/Startup/startup_stm32f103c8tx.s.obj
                0x08000000                g_pfnVectors
                0x0800010c                . = ALIGN (0x4)

.text           0x0800010c     0x1c38
                0x0800010c                . = ALIGN (0x4)
 *(.text)
 .text          0x0800010c       0x40 e:/software/stm32cube/gcc-arm-none-eabi-10.3-2021.10/bin/../lib/gcc/arm-none-eabi/10.3.1/thumb/v7-m/nofp/crtbegin.o
 *(.text*)
 .text.MX_DMA_Init
                0x0800014c       0x34 CMakeFiles/LED.elf.dir/Core/Src/dma.c.obj
                0x0800014c                MX_DMA_Init
 .text.MX_GPIO_Init
                0x08000180       0xb4 CMakeFiles/LED.elf.dir/Core/Src/gpio.c.obj
                0x08000180                MX_GPIO_Init
 .text.MX_I2C1_Init
                0x08000234       0x3c CMakeFiles/LED.elf.dir/Core/Src/i2c.c.obj
                0x08000234                MX_I2C1_Init
 .text.HAL_I2C_MspInit
                0x08000270       0x98 CMakeFiles/LED.elf.dir/Core/Src/i2c.c.obj
                0x08000270                HAL_I2C_MspInit
 .text.Error_Handler
                0x08000308        0x4 CMakeFiles/LED.elf.dir/Core/Src/main.c.obj
                0x08000308                Error_Handler
 .text.SystemClock_Config
                0x0800030c       0x5e CMakeFiles/LED.elf.dir/Core/Src/main.c.obj
                0x0800030c                SystemClock_Config
 *fill*         0x0800036a        0x2 
 .text.main     0x0800036c      0x120 CMakeFiles/LED.elf.dir/Core/Src/main.c.obj
                0x0800036c                main
 .text.OLED_WR_Byte
                0x0800048c       0x30 CMakeFiles/LED.elf.dir/Core/Src/oled.c.obj
                0x0800048c                OLED_WR_Byte
 .text.OLED_ColorTurn
                0x080004bc       0x20 CMakeFiles/LED.elf.dir/Core/Src/oled.c.obj
                0x080004bc                OLED_ColorTurn
 .text.OLED_DisplayTurn
                0x080004dc       0x30 CMakeFiles/LED.elf.dir/Core/Src/oled.c.obj
                0x080004dc                OLED_DisplayTurn
 .text.OLED_Set_Pos
                0x0800050c       0x28 CMakeFiles/LED.elf.dir/Core/Src/oled.c.obj
                0x0800050c                OLED_Set_Pos
 .text.OLED_Clear
                0x08000534       0x42 CMakeFiles/LED.elf.dir/Core/Src/oled.c.obj
                0x08000534                OLED_Clear
 *fill*         0x08000576        0x2 
 .text.OLED_ShowChar
                0x08000578       0xa4 CMakeFiles/LED.elf.dir/Core/Src/oled.c.obj
                0x08000578                OLED_ShowChar
 .text.oled_pow
                0x0800061c       0x16 CMakeFiles/LED.elf.dir/Core/Src/oled.c.obj
                0x0800061c                oled_pow
 *fill*         0x08000632        0x2 
 .text.OLED_ShowNum
                0x08000634       0x98 CMakeFiles/LED.elf.dir/Core/Src/oled.c.obj
                0x08000634                OLED_ShowNum
 .text.OLED_ShowString
                0x080006cc       0x36 CMakeFiles/LED.elf.dir/Core/Src/oled.c.obj
                0x080006cc                OLED_ShowString
 *fill*         0x08000702        0x2 
 .text.OLED_ShowChinese
                0x08000704       0x64 CMakeFiles/LED.elf.dir/Core/Src/oled.c.obj
                0x08000704                OLED_ShowChinese
 .text.OLED_DrawBMP
                0x08000768       0x60 CMakeFiles/LED.elf.dir/Core/Src/oled.c.obj
                0x08000768                OLED_DrawBMP
 .text.OLED_Init
                0x080007c8       0xd8 CMakeFiles/LED.elf.dir/Core/Src/oled.c.obj
                0x080007c8                OLED_Init
 .text.HAL_MspInit
                0x080008a0       0x44 CMakeFiles/LED.elf.dir/Core/Src/stm32f1xx_hal_msp.c.obj
                0x080008a0                HAL_MspInit
 .text.NMI_Handler
                0x080008e4        0x2 CMakeFiles/LED.elf.dir/Core/Src/stm32f1xx_it.c.obj
                0x080008e4                NMI_Handler
 .text.HardFault_Handler
                0x080008e6        0x2 CMakeFiles/LED.elf.dir/Core/Src/stm32f1xx_it.c.obj
                0x080008e6                HardFault_Handler
 .text.MemManage_Handler
                0x080008e8        0x2 CMakeFiles/LED.elf.dir/Core/Src/stm32f1xx_it.c.obj
                0x080008e8                MemManage_Handler
 .text.BusFault_Handler
                0x080008ea        0x2 CMakeFiles/LED.elf.dir/Core/Src/stm32f1xx_it.c.obj
                0x080008ea                BusFault_Handler
 .text.UsageFault_Handler
                0x080008ec        0x2 CMakeFiles/LED.elf.dir/Core/Src/stm32f1xx_it.c.obj
                0x080008ec                UsageFault_Handler
 .text.SVC_Handler
                0x080008ee        0x2 CMakeFiles/LED.elf.dir/Core/Src/stm32f1xx_it.c.obj
                0x080008ee                SVC_Handler
 .text.DebugMon_Handler
                0x080008f0        0x2 CMakeFiles/LED.elf.dir/Core/Src/stm32f1xx_it.c.obj
                0x080008f0                DebugMon_Handler
 .text.PendSV_Handler
                0x080008f2        0x2 CMakeFiles/LED.elf.dir/Core/Src/stm32f1xx_it.c.obj
                0x080008f2                PendSV_Handler
 .text.SysTick_Handler
                0x080008f4        0x8 CMakeFiles/LED.elf.dir/Core/Src/stm32f1xx_it.c.obj
                0x080008f4                SysTick_Handler
 .text.DMA1_Channel6_IRQHandler
                0x080008fc       0x10 CMakeFiles/LED.elf.dir/Core/Src/stm32f1xx_it.c.obj
                0x080008fc                DMA1_Channel6_IRQHandler
 .text.SystemInit
                0x0800090c        0x2 CMakeFiles/LED.elf.dir/Core/Src/system_stm32f1xx.c.obj
                0x0800090c                SystemInit
 *fill*         0x0800090e        0x2 
 .text.Reset_Handler
                0x08000910       0x48 CMakeFiles/LED.elf.dir/Core/Startup/startup_stm32f103c8tx.s.obj
                0x08000910                Reset_Handler
 .text.Default_Handler
                0x08000958        0x2 CMakeFiles/LED.elf.dir/Core/Startup/startup_stm32f103c8tx.s.obj
                0x08000958                RTC_Alarm_IRQHandler
                0x08000958                EXTI2_IRQHandler
                0x08000958                TIM1_CC_IRQHandler
                0x08000958                PVD_IRQHandler
                0x08000958                EXTI3_IRQHandler
                0x08000958                EXTI0_IRQHandler
                0x08000958                I2C2_EV_IRQHandler
                0x08000958                ADC1_2_IRQHandler
                0x08000958                SPI1_IRQHandler
                0x08000958                TAMPER_IRQHandler
                0x08000958                DMA1_Channel4_IRQHandler
                0x08000958                USART3_IRQHandler
                0x08000958                RTC_IRQHandler
                0x08000958                DMA1_Channel7_IRQHandler
                0x08000958                CAN1_RX1_IRQHandler
                0x08000958                TIM4_IRQHandler
                0x08000958                I2C1_EV_IRQHandler
                0x08000958                TIM3_IRQHandler
                0x08000958                RCC_IRQHandler
                0x08000958                TIM1_TRG_COM_IRQHandler
                0x08000958                DMA1_Channel1_IRQHandler
                0x08000958                Default_Handler
                0x08000958                EXTI15_10_IRQHandler
                0x08000958                EXTI9_5_IRQHandler
                0x08000958                SPI2_IRQHandler
                0x08000958                DMA1_Channel5_IRQHandler
                0x08000958                EXTI4_IRQHandler
                0x08000958                USB_LP_CAN1_RX0_IRQHandler
                0x08000958                USB_HP_CAN1_TX_IRQHandler
                0x08000958                DMA1_Channel3_IRQHandler
                0x08000958                TIM1_UP_IRQHandler
                0x08000958                WWDG_IRQHandler
                0x08000958                TIM2_IRQHandler
                0x08000958                TIM1_BRK_IRQHandler
                0x08000958                EXTI1_IRQHandler
                0x08000958                USART2_IRQHandler
                0x08000958                I2C2_ER_IRQHandler
                0x08000958                DMA1_Channel2_IRQHandler
                0x08000958                CAN1_SCE_IRQHandler
                0x08000958                FLASH_IRQHandler
                0x08000958                USART1_IRQHandler
                0x08000958                I2C1_ER_IRQHandler
                0x08000958                USBWakeUp_IRQHandler
 *fill*         0x0800095a        0x2 
 .text.HAL_InitTick
                0x0800095c       0x4c CMakeFiles/LED.elf.dir/Drivers/STM32F1xx_HAL_Driver/Src/stm32f1xx_hal.c.obj
                0x0800095c                HAL_InitTick
 .text.HAL_Init
                0x080009a8       0x24 CMakeFiles/LED.elf.dir/Drivers/STM32F1xx_HAL_Driver/Src/stm32f1xx_hal.c.obj
                0x080009a8                HAL_Init
 .text.HAL_IncTick
                0x080009cc       0x18 CMakeFiles/LED.elf.dir/Drivers/STM32F1xx_HAL_Driver/Src/stm32f1xx_hal.c.obj
                0x080009cc                HAL_IncTick
 .text.HAL_GetTick
                0x080009e4        0xc CMakeFiles/LED.elf.dir/Drivers/STM32F1xx_HAL_Driver/Src/stm32f1xx_hal.c.obj
                0x080009e4                HAL_GetTick
 .text.HAL_Delay
                0x080009f0       0x28 CMakeFiles/LED.elf.dir/Drivers/STM32F1xx_HAL_Driver/Src/stm32f1xx_hal.c.obj
                0x080009f0                HAL_Delay
 .text.HAL_NVIC_SetPriorityGrouping
                0x08000a18       0x24 CMakeFiles/LED.elf.dir/Drivers/STM32F1xx_HAL_Driver/Src/stm32f1xx_hal_cortex.c.obj
                0x08000a18                HAL_NVIC_SetPriorityGrouping
 .text.HAL_NVIC_SetPriority
                0x08000a3c       0x70 CMakeFiles/LED.elf.dir/Drivers/STM32F1xx_HAL_Driver/Src/stm32f1xx_hal_cortex.c.obj
                0x08000a3c                HAL_NVIC_SetPriority
 .text.HAL_NVIC_EnableIRQ
                0x08000aac       0x1c CMakeFiles/LED.elf.dir/Drivers/STM32F1xx_HAL_Driver/Src/stm32f1xx_hal_cortex.c.obj
                0x08000aac                HAL_NVIC_EnableIRQ
 .text.HAL_SYSTICK_Config
                0x08000ac8       0x28 CMakeFiles/LED.elf.dir/Drivers/STM32F1xx_HAL_Driver/Src/stm32f1xx_hal_cortex.c.obj
                0x08000ac8                HAL_SYSTICK_Config
 .text.HAL_DMA_Init
                0x08000af0       0x6c CMakeFiles/LED.elf.dir/Drivers/STM32F1xx_HAL_Driver/Src/stm32f1xx_hal_dma.c.obj
                0x08000af0                HAL_DMA_Init
 .text.HAL_DMA_IRQHandler
                0x08000b5c      0x144 CMakeFiles/LED.elf.dir/Drivers/STM32F1xx_HAL_Driver/Src/stm32f1xx_hal_dma.c.obj
                0x08000b5c                HAL_DMA_IRQHandler
 .text.HAL_GPIO_Init
                0x08000ca0      0x224 CMakeFiles/LED.elf.dir/Drivers/STM32F1xx_HAL_Driver/Src/stm32f1xx_hal_gpio.c.obj
                0x08000ca0                HAL_GPIO_Init
 .text.HAL_GPIO_WritePin
                0x08000ec4        0xc CMakeFiles/LED.elf.dir/Drivers/STM32F1xx_HAL_Driver/Src/stm32f1xx_hal_gpio.c.obj
                0x08000ec4                HAL_GPIO_WritePin
 .text.I2C_IsAcknowledgeFailed
                0x08000ed0       0x32 CMakeFiles/LED.elf.dir/Drivers/STM32F1xx_HAL_Driver/Src/stm32f1xx_hal_i2c.c.obj
 .text.I2C_WaitOnFlagUntilTimeout
                0x08000f02       0xaa CMakeFiles/LED.elf.dir/Drivers/STM32F1xx_HAL_Driver/Src/stm32f1xx_hal_i2c.c.obj
 .text.I2C_WaitOnMasterAddressFlagUntilTimeout
                0x08000fac       0xd6 CMakeFiles/LED.elf.dir/Drivers/STM32F1xx_HAL_Driver/Src/stm32f1xx_hal_i2c.c.obj
 .text.I2C_WaitOnTXEFlagUntilTimeout
                0x08001082       0x5e CMakeFiles/LED.elf.dir/Drivers/STM32F1xx_HAL_Driver/Src/stm32f1xx_hal_i2c.c.obj
 .text.I2C_RequestMemoryWrite
                0x080010e0       0xd8 CMakeFiles/LED.elf.dir/Drivers/STM32F1xx_HAL_Driver/Src/stm32f1xx_hal_i2c.c.obj
 .text.I2C_WaitOnBTFFlagUntilTimeout
                0x080011b8       0x5e CMakeFiles/LED.elf.dir/Drivers/STM32F1xx_HAL_Driver/Src/stm32f1xx_hal_i2c.c.obj
 *fill*         0x08001216        0x2 
 .text.HAL_I2C_Init
                0x08001218      0x1bc CMakeFiles/LED.elf.dir/Drivers/STM32F1xx_HAL_Driver/Src/stm32f1xx_hal_i2c.c.obj
                0x08001218                HAL_I2C_Init
 .text.HAL_I2C_Mem_Write
                0x080013d4      0x164 CMakeFiles/LED.elf.dir/Drivers/STM32F1xx_HAL_Driver/Src/stm32f1xx_hal_i2c.c.obj
                0x080013d4                HAL_I2C_Mem_Write
 .text.RCC_Delay
                0x08001538       0x2c CMakeFiles/LED.elf.dir/Drivers/STM32F1xx_HAL_Driver/Src/stm32f1xx_hal_rcc.c.obj
 .text.HAL_RCC_OscConfig
                0x08001564      0x410 CMakeFiles/LED.elf.dir/Drivers/STM32F1xx_HAL_Driver/Src/stm32f1xx_hal_rcc.c.obj
                0x08001564                HAL_RCC_OscConfig
 .text.HAL_RCC_GetSysClockFreq
                0x08001974       0x54 CMakeFiles/LED.elf.dir/Drivers/STM32F1xx_HAL_Driver/Src/stm32f1xx_hal_rcc.c.obj
                0x08001974                HAL_RCC_GetSysClockFreq
 .text.HAL_RCC_ClockConfig
                0x080019c8      0x16c CMakeFiles/LED.elf.dir/Drivers/STM32F1xx_HAL_Driver/Src/stm32f1xx_hal_rcc.c.obj
                0x080019c8                HAL_RCC_ClockConfig
 .text.HAL_RCC_GetHCLKFreq
                0x08001b34        0xc CMakeFiles/LED.elf.dir/Drivers/STM32F1xx_HAL_Driver/Src/stm32f1xx_hal_rcc.c.obj
                0x08001b34                HAL_RCC_GetHCLKFreq
 .text.HAL_RCC_GetPCLK1Freq
                0x08001b40       0x20 CMakeFiles/LED.elf.dir/Drivers/STM32F1xx_HAL_Driver/Src/stm32f1xx_hal_rcc.c.obj
                0x08001b40                HAL_RCC_GetPCLK1Freq
 .text.__libc_init_array
                0x08001b60       0x48 e:/software/stm32cube/gcc-arm-none-eabi-10.3-2021.10/bin/../lib/gcc/arm-none-eabi/10.3.1/../../../../arm-none-eabi/lib/thumb/v7-m/nofp\libg.a(lib_a-init.o)
                0x08001b60                __libc_init_array
 .text.memset   0x08001ba8       0xa4 e:/software/stm32cube/gcc-arm-none-eabi-10.3-2021.10/bin/../lib/gcc/arm-none-eabi/10.3.1/../../../../arm-none-eabi/lib/thumb/v7-m/nofp\libg.a(lib_a-memset.o)
                0x08001ba8                memset
 .text.startup.register_fini
                0x08001c4c       0x14 e:/software/stm32cube/gcc-arm-none-eabi-10.3-2021.10/bin/../lib/gcc/arm-none-eabi/10.3.1/../../../../arm-none-eabi/lib/thumb/v7-m/nofp\libg.a(lib_a-__call_atexit.o)
 .text.atexit   0x08001c60        0xc e:/software/stm32cube/gcc-arm-none-eabi-10.3-2021.10/bin/../lib/gcc/arm-none-eabi/10.3.1/../../../../arm-none-eabi/lib/thumb/v7-m/nofp\libg.a(lib_a-atexit.o)
                0x08001c60                atexit
 .text.__libc_fini_array
                0x08001c6c       0x2c e:/software/stm32cube/gcc-arm-none-eabi-10.3-2021.10/bin/../lib/gcc/arm-none-eabi/10.3.1/../../../../arm-none-eabi/lib/thumb/v7-m/nofp\libg.a(lib_a-fini.o)
                0x08001c6c                __libc_fini_array
 .text.__retarget_lock_acquire_recursive
                0x08001c98        0x4 e:/software/stm32cube/gcc-arm-none-eabi-10.3-2021.10/bin/../lib/gcc/arm-none-eabi/10.3.1/../../../../arm-none-eabi/lib/thumb/v7-m/nofp\libg.a(lib_a-lock.o)
                0x08001c98                __retarget_lock_acquire_recursive
 .text.__retarget_lock_release_recursive
                0x08001c9c        0x4 e:/software/stm32cube/gcc-arm-none-eabi-10.3-2021.10/bin/../lib/gcc/arm-none-eabi/10.3.1/../../../../arm-none-eabi/lib/thumb/v7-m/nofp\libg.a(lib_a-lock.o)
                0x08001c9c                __retarget_lock_release_recursive
 .text.__register_exitproc
                0x08001ca0       0x8c e:/software/stm32cube/gcc-arm-none-eabi-10.3-2021.10/bin/../lib/gcc/arm-none-eabi/10.3.1/../../../../arm-none-eabi/lib/thumb/v7-m/nofp\libg.a(lib_a-__atexit.o)
                0x08001ca0                __register_exitproc
 *(.glue_7)
 .glue_7        0x08001d2c        0x0 linker stubs
 *(.glue_7t)
 .glue_7t       0x08001d2c        0x0 linker stubs
 *(.eh_frame)
 .eh_frame      0x08001d2c        0x0 e:/software/stm32cube/gcc-arm-none-eabi-10.3-2021.10/bin/../lib/gcc/arm-none-eabi/10.3.1/thumb/v7-m/nofp/crtbegin.o
 *(.init)
 .init          0x08001d2c        0x4 e:/software/stm32cube/gcc-arm-none-eabi-10.3-2021.10/bin/../lib/gcc/arm-none-eabi/10.3.1/thumb/v7-m/nofp/crti.o
                0x08001d2c                _init
 .init          0x08001d30        0x8 e:/software/stm32cube/gcc-arm-none-eabi-10.3-2021.10/bin/../lib/gcc/arm-none-eabi/10.3.1/thumb/v7-m/nofp/crtn.o
 *(.fini)
 .fini          0x08001d38        0x4 e:/software/stm32cube/gcc-arm-none-eabi-10.3-2021.10/bin/../lib/gcc/arm-none-eabi/10.3.1/thumb/v7-m/nofp/crti.o
                0x08001d38                _fini
 .fini          0x08001d3c        0x8 e:/software/stm32cube/gcc-arm-none-eabi-10.3-2021.10/bin/../lib/gcc/arm-none-eabi/10.3.1/thumb/v7-m/nofp/crtn.o
                0x08001d44                . = ALIGN (0x4)
                0x08001d44                _etext = .

.vfp11_veneer   0x08001d44        0x0
 .vfp11_veneer  0x08001d44        0x0 linker stubs

.v4_bx          0x08001d44        0x0
 .v4_bx         0x08001d44        0x0 linker stubs

.iplt           0x08001d44        0x0
 .iplt          0x08001d44        0x0 e:/software/stm32cube/gcc-arm-none-eabi-10.3-2021.10/bin/../lib/gcc/arm-none-eabi/10.3.1/thumb/v7-m/nofp/crtbegin.o

.rodata         0x08001d44       0x5c
                0x08001d44                . = ALIGN (0x4)
 *(.rodata)
 *(.rodata*)
 .rodata.main.str1.4
                0x08001d44       0x2a CMakeFiles/LED.elf.dir/Core/Src/main.c.obj
 *fill*         0x08001d6e        0x2 
 .rodata.AHBPrescTable
                0x08001d70       0x10 CMakeFiles/LED.elf.dir/Core/Src/system_stm32f1xx.c.obj
                0x08001d70                AHBPrescTable
 .rodata.APBPrescTable
                0x08001d80        0x8 CMakeFiles/LED.elf.dir/Core/Src/system_stm32f1xx.c.obj
                0x08001d80                APBPrescTable
 .rodata.aPLLMULFactorTable.1
                0x08001d88       0x10 CMakeFiles/LED.elf.dir/Drivers/STM32F1xx_HAL_Driver/Src/stm32f1xx_hal_rcc.c.obj
 .rodata.aPredivFactorTable.0
                0x08001d98        0x2 CMakeFiles/LED.elf.dir/Drivers/STM32F1xx_HAL_Driver/Src/stm32f1xx_hal_rcc.c.obj
 *fill*         0x08001d9a        0x2 
 .rodata._global_impure_ptr
                0x08001d9c        0x4 e:/software/stm32cube/gcc-arm-none-eabi-10.3-2021.10/bin/../lib/gcc/arm-none-eabi/10.3.1/../../../../arm-none-eabi/lib/thumb/v7-m/nofp\libg.a(lib_a-impure.o)
                0x08001d9c                _global_impure_ptr
                0x08001da0                . = ALIGN (0x4)

.rel.dyn        0x08001da0        0x0
 .rel.iplt      0x08001da0        0x0 e:/software/stm32cube/gcc-arm-none-eabi-10.3-2021.10/bin/../lib/gcc/arm-none-eabi/10.3.1/thumb/v7-m/nofp/crtbegin.o

.ARM.extab      0x08001da0        0x0
                0x08001da0                . = ALIGN (0x4)
 *(.ARM.extab* .gnu.linkonce.armextab.*)
                0x08001da0                . = ALIGN (0x4)

.ARM            0x08001da0        0x0
                0x08001da0                . = ALIGN (0x4)
                0x08001da0                __exidx_start = .
 *(.ARM.exidx*)
                0x08001da0                __exidx_end = .
                0x08001da0                . = ALIGN (0x4)

.preinit_array  0x08001da0        0x0
                0x08001da0                . = ALIGN (0x4)
                0x08001da0                PROVIDE (__preinit_array_start = .)
 *(.preinit_array*)
                0x08001da0                PROVIDE (__preinit_array_end = .)
                0x08001da0                . = ALIGN (0x4)

.init_array     0x08001da0        0x8
                0x08001da0                . = ALIGN (0x4)
                0x08001da0                PROVIDE (__init_array_start = .)
 *(SORT_BY_NAME(.init_array.*))
 .init_array.00000
                0x08001da0        0x4 e:/software/stm32cube/gcc-arm-none-eabi-10.3-2021.10/bin/../lib/gcc/arm-none-eabi/10.3.1/../../../../arm-none-eabi/lib/thumb/v7-m/nofp\libg.a(lib_a-__call_atexit.o)
 *(.init_array*)
 .init_array    0x08001da4        0x4 e:/software/stm32cube/gcc-arm-none-eabi-10.3-2021.10/bin/../lib/gcc/arm-none-eabi/10.3.1/thumb/v7-m/nofp/crtbegin.o
                0x08001da8                PROVIDE (__init_array_end = .)
                0x08001da8                . = ALIGN (0x4)

.fini_array     0x08001da8        0x4
                0x08001da8                . = ALIGN (0x4)
                0x08001da8                PROVIDE (__fini_array_start = .)
 *(SORT_BY_NAME(.fini_array.*))
 *(.fini_array*)
 .fini_array    0x08001da8        0x4 e:/software/stm32cube/gcc-arm-none-eabi-10.3-2021.10/bin/../lib/gcc/arm-none-eabi/10.3.1/thumb/v7-m/nofp/crtbegin.o
                0x08001dac                PROVIDE (__fini_array_end = .)
                0x08001dac                . = ALIGN (0x4)
                0x08001dac                _sidata = LOADADDR (.data)

.data           0x20000000      0xf34 load address 0x08001dac
                0x20000000                . = ALIGN (0x4)
                0x20000000                _sdata = .
 *(.data)
 *(.data*)
 .data.BMP1     0x20000000      0x200 CMakeFiles/LED.elf.dir/Core/Src/main.c.obj
                0x20000000                BMP1
 .data.Hzk      0x20000200       0xe0 CMakeFiles/LED.elf.dir/Core/Src/oled.c.obj
                0x20000200                Hzk
 .data.asc2_0806
                0x200002e0      0x228 CMakeFiles/LED.elf.dir/Core/Src/oled.c.obj
                0x200002e0                asc2_0806
 .data.asc2_1608
                0x20000508      0x5f0 CMakeFiles/LED.elf.dir/Core/Src/oled.c.obj
                0x20000508                asc2_1608
 .data.SystemCoreClock
                0x20000af8        0x4 CMakeFiles/LED.elf.dir/Core/Src/system_stm32f1xx.c.obj
                0x20000af8                SystemCoreClock
 .data.uwTickFreq
                0x20000afc        0x1 CMakeFiles/LED.elf.dir/Drivers/STM32F1xx_HAL_Driver/Src/stm32f1xx_hal.c.obj
                0x20000afc                uwTickFreq
 *fill*         0x20000afd        0x3 
 .data.uwTickPrio
                0x20000b00        0x4 CMakeFiles/LED.elf.dir/Drivers/STM32F1xx_HAL_Driver/Src/stm32f1xx_hal.c.obj
                0x20000b00                uwTickPrio
 *fill*         0x20000b04        0x4 
 .data.impure_data
                0x20000b08      0x428 e:/software/stm32cube/gcc-arm-none-eabi-10.3-2021.10/bin/../lib/gcc/arm-none-eabi/10.3.1/../../../../arm-none-eabi/lib/thumb/v7-m/nofp\libg.a(lib_a-impure.o)
 .data.__atexit_recursive_mutex
                0x20000f30        0x4 e:/software/stm32cube/gcc-arm-none-eabi-10.3-2021.10/bin/../lib/gcc/arm-none-eabi/10.3.1/../../../../arm-none-eabi/lib/thumb/v7-m/nofp\libg.a(lib_a-__call_atexit.o)
                0x20000f30                __atexit_recursive_mutex
 *(.RamFunc)
 *(.RamFunc*)
                0x20000f34                . = ALIGN (0x4)
                0x20000f34                _edata = .

.igot.plt       0x20000f34        0x0 load address 0x08002ce0
 .igot.plt      0x20000f34        0x0 e:/software/stm32cube/gcc-arm-none-eabi-10.3-2021.10/bin/../lib/gcc/arm-none-eabi/10.3.1/thumb/v7-m/nofp/crtbegin.o
                0x20000f34                . = ALIGN (0x4)

.bss            0x20000f34       0xbc load address 0x08002ce0
                0x20000f34                _sbss = .
                0x20000f34                __bss_start__ = _sbss
 *(.bss)
 .bss           0x20000f34       0x1c e:/software/stm32cube/gcc-arm-none-eabi-10.3-2021.10/bin/../lib/gcc/arm-none-eabi/10.3.1/thumb/v7-m/nofp/crtbegin.o
 *(.bss*)
 .bss.hdma_i2c1_tx
                0x20000f50       0x44 CMakeFiles/LED.elf.dir/Core/Src/i2c.c.obj
                0x20000f50                hdma_i2c1_tx
 .bss.hi2c1     0x20000f94       0x54 CMakeFiles/LED.elf.dir/Core/Src/i2c.c.obj
                0x20000f94                hi2c1
 .bss.uwTick    0x20000fe8        0x4 CMakeFiles/LED.elf.dir/Drivers/STM32F1xx_HAL_Driver/Src/stm32f1xx_hal.c.obj
                0x20000fe8                uwTick
 .bss.__lock___atexit_recursive_mutex
                0x20000fec        0x1 e:/software/stm32cube/gcc-arm-none-eabi-10.3-2021.10/bin/../lib/gcc/arm-none-eabi/10.3.1/../../../../arm-none-eabi/lib/thumb/v7-m/nofp\libg.a(lib_a-lock.o)
                0x20000fec                __lock___atexit_recursive_mutex
 *(COMMON)
                0x20000ff0                . = ALIGN (0x4)
 *fill*         0x20000fed        0x3 
                0x20000ff0                _ebss = .
                0x20000ff0                __bss_end__ = _ebss

._user_heap_stack
                0x20000ff0      0x600 load address 0x08002ce0
                0x20000ff0                . = ALIGN (0x8)
                [!provide]                PROVIDE (end = .)
                0x20000ff0                PROVIDE (_end = .)
                0x200011f0                . = (. + _Min_Heap_Size)
 *fill*         0x20000ff0      0x200 
                0x200015f0                . = (. + _Min_Stack_Size)
 *fill*         0x200011f0      0x400 
                0x200015f0                . = ALIGN (0x8)

/DISCARD/
 libc.a(*)
 libm.a(*)
 libgcc.a(*)

.ARM.attributes
                0x00000000       0x29
 *(.ARM.attributes)
 .ARM.attributes
                0x00000000       0x1d e:/software/stm32cube/gcc-arm-none-eabi-10.3-2021.10/bin/../lib/gcc/arm-none-eabi/10.3.1/thumb/v7-m/nofp/crti.o
 .ARM.attributes
                0x0000001d       0x2d e:/software/stm32cube/gcc-arm-none-eabi-10.3-2021.10/bin/../lib/gcc/arm-none-eabi/10.3.1/thumb/v7-m/nofp/crtbegin.o
 .ARM.attributes
                0x0000004a       0x2d CMakeFiles/LED.elf.dir/Core/Src/dma.c.obj
 .ARM.attributes
                0x00000077       0x2d CMakeFiles/LED.elf.dir/Core/Src/gpio.c.obj
 .ARM.attributes
                0x000000a4       0x2d CMakeFiles/LED.elf.dir/Core/Src/i2c.c.obj
 .ARM.attributes
                0x000000d1       0x2d CMakeFiles/LED.elf.dir/Core/Src/main.c.obj
 .ARM.attributes
                0x000000fe       0x2d CMakeFiles/LED.elf.dir/Core/Src/oled.c.obj
 .ARM.attributes
                0x0000012b       0x2d CMakeFiles/LED.elf.dir/Core/Src/stm32f1xx_hal_msp.c.obj
 .ARM.attributes
                0x00000158       0x2d CMakeFiles/LED.elf.dir/Core/Src/stm32f1xx_it.c.obj
 .ARM.attributes
                0x00000185       0x2d CMakeFiles/LED.elf.dir/Core/Src/system_stm32f1xx.c.obj
 .ARM.attributes
                0x000001b2       0x21 CMakeFiles/LED.elf.dir/Core/Startup/startup_stm32f103c8tx.s.obj
 .ARM.attributes
                0x000001d3       0x2d CMakeFiles/LED.elf.dir/Drivers/STM32F1xx_HAL_Driver/Src/stm32f1xx_hal.c.obj
 .ARM.attributes
                0x00000200       0x2d CMakeFiles/LED.elf.dir/Drivers/STM32F1xx_HAL_Driver/Src/stm32f1xx_hal_cortex.c.obj
 .ARM.attributes
                0x0000022d       0x2d CMakeFiles/LED.elf.dir/Drivers/STM32F1xx_HAL_Driver/Src/stm32f1xx_hal_dma.c.obj
 .ARM.attributes
                0x0000025a       0x2d CMakeFiles/LED.elf.dir/Drivers/STM32F1xx_HAL_Driver/Src/stm32f1xx_hal_gpio.c.obj
 .ARM.attributes
                0x00000287       0x2d CMakeFiles/LED.elf.dir/Drivers/STM32F1xx_HAL_Driver/Src/stm32f1xx_hal_i2c.c.obj
 .ARM.attributes
                0x000002b4       0x2d CMakeFiles/LED.elf.dir/Drivers/STM32F1xx_HAL_Driver/Src/stm32f1xx_hal_rcc.c.obj
 .ARM.attributes
                0x000002e1       0x2d e:/software/stm32cube/gcc-arm-none-eabi-10.3-2021.10/bin/../lib/gcc/arm-none-eabi/10.3.1/../../../../arm-none-eabi/lib/thumb/v7-m/nofp\libg.a(lib_a-impure.o)
 .ARM.attributes
                0x0000030e       0x2d e:/software/stm32cube/gcc-arm-none-eabi-10.3-2021.10/bin/../lib/gcc/arm-none-eabi/10.3.1/../../../../arm-none-eabi/lib/thumb/v7-m/nofp\libg.a(lib_a-init.o)
 .ARM.attributes
                0x0000033b       0x2d e:/software/stm32cube/gcc-arm-none-eabi-10.3-2021.10/bin/../lib/gcc/arm-none-eabi/10.3.1/../../../../arm-none-eabi/lib/thumb/v7-m/nofp\libg.a(lib_a-memset.o)
 .ARM.attributes
                0x00000368       0x2d e:/software/stm32cube/gcc-arm-none-eabi-10.3-2021.10/bin/../lib/gcc/arm-none-eabi/10.3.1/../../../../arm-none-eabi/lib/thumb/v7-m/nofp\libg.a(lib_a-__call_atexit.o)
 .ARM.attributes
                0x00000395       0x2d e:/software/stm32cube/gcc-arm-none-eabi-10.3-2021.10/bin/../lib/gcc/arm-none-eabi/10.3.1/../../../../arm-none-eabi/lib/thumb/v7-m/nofp\libg.a(lib_a-atexit.o)
 .ARM.attributes
                0x000003c2       0x2d e:/software/stm32cube/gcc-arm-none-eabi-10.3-2021.10/bin/../lib/gcc/arm-none-eabi/10.3.1/../../../../arm-none-eabi/lib/thumb/v7-m/nofp\libg.a(lib_a-fini.o)
 .ARM.attributes
                0x000003ef       0x2d e:/software/stm32cube/gcc-arm-none-eabi-10.3-2021.10/bin/../lib/gcc/arm-none-eabi/10.3.1/../../../../arm-none-eabi/lib/thumb/v7-m/nofp\libg.a(lib_a-lock.o)
 .ARM.attributes
                0x0000041c       0x2d e:/software/stm32cube/gcc-arm-none-eabi-10.3-2021.10/bin/../lib/gcc/arm-none-eabi/10.3.1/../../../../arm-none-eabi/lib/thumb/v7-m/nofp\libg.a(lib_a-__atexit.o)
 .ARM.attributes
                0x00000449       0x1d e:/software/stm32cube/gcc-arm-none-eabi-10.3-2021.10/bin/../lib/gcc/arm-none-eabi/10.3.1/thumb/v7-m/nofp/crtn.o
OUTPUT(LED.elf elf32-littlearm)
LOAD linker stubs
LOAD e:/software/stm32cube/gcc-arm-none-eabi-10.3-2021.10/bin/../lib/gcc/arm-none-eabi/10.3.1/../../../../arm-none-eabi/lib/thumb/v7-m/nofp\libc.a
LOAD e:/software/stm32cube/gcc-arm-none-eabi-10.3-2021.10/bin/../lib/gcc/arm-none-eabi/10.3.1/../../../../arm-none-eabi/lib/thumb/v7-m/nofp\libm.a
LOAD e:/software/stm32cube/gcc-arm-none-eabi-10.3-2021.10/bin/../lib/gcc/arm-none-eabi/10.3.1/thumb/v7-m/nofp\libgcc.a

.debug_info     0x00000000     0x9b13
 .debug_info    0x00000000      0x2f4 CMakeFiles/LED.elf.dir/Core/Src/dma.c.obj
 .debug_info    0x000002f4      0x34c CMakeFiles/LED.elf.dir/Core/Src/gpio.c.obj
 .debug_info    0x00000640      0x901 CMakeFiles/LED.elf.dir/Core/Src/i2c.c.obj
 .debug_info    0x00000f41      0x692 CMakeFiles/LED.elf.dir/Core/Src/main.c.obj
 .debug_info    0x000015d3     0x1433 CMakeFiles/LED.elf.dir/Core/Src/oled.c.obj
 .debug_info    0x00002a06      0x211 CMakeFiles/LED.elf.dir/Core/Src/stm32f1xx_hal_msp.c.obj
 .debug_info    0x00002c17      0x3b5 CMakeFiles/LED.elf.dir/Core/Src/stm32f1xx_it.c.obj
 .debug_info    0x00002fcc      0x248 CMakeFiles/LED.elf.dir/Core/Src/system_stm32f1xx.c.obj
 .debug_info    0x00003214       0x22 CMakeFiles/LED.elf.dir/Core/Startup/startup_stm32f103c8tx.s.obj
 .debug_info    0x00003236      0x7a8 CMakeFiles/LED.elf.dir/Drivers/STM32F1xx_HAL_Driver/Src/stm32f1xx_hal.c.obj
 .debug_info    0x000039de      0xd8a CMakeFiles/LED.elf.dir/Drivers/STM32F1xx_HAL_Driver/Src/stm32f1xx_hal_cortex.c.obj
 .debug_info    0x00004768      0x84b CMakeFiles/LED.elf.dir/Drivers/STM32F1xx_HAL_Driver/Src/stm32f1xx_hal_dma.c.obj
 .debug_info    0x00004fb3      0x66f CMakeFiles/LED.elf.dir/Drivers/STM32F1xx_HAL_Driver/Src/stm32f1xx_hal_gpio.c.obj
 .debug_info    0x00005622     0x3ab6 CMakeFiles/LED.elf.dir/Drivers/STM32F1xx_HAL_Driver/Src/stm32f1xx_hal_i2c.c.obj
 .debug_info    0x000090d8      0xa3b CMakeFiles/LED.elf.dir/Drivers/STM32F1xx_HAL_Driver/Src/stm32f1xx_hal_rcc.c.obj

.debug_abbrev   0x00000000     0x19d9
 .debug_abbrev  0x00000000      0x114 CMakeFiles/LED.elf.dir/Core/Src/dma.c.obj
 .debug_abbrev  0x00000114      0x13c CMakeFiles/LED.elf.dir/Core/Src/gpio.c.obj
 .debug_abbrev  0x00000250      0x1c9 CMakeFiles/LED.elf.dir/Core/Src/i2c.c.obj
 .debug_abbrev  0x00000419      0x1b5 CMakeFiles/LED.elf.dir/Core/Src/main.c.obj
 .debug_abbrev  0x000005ce      0x237 CMakeFiles/LED.elf.dir/Core/Src/oled.c.obj
 .debug_abbrev  0x00000805       0xe5 CMakeFiles/LED.elf.dir/Core/Src/stm32f1xx_hal_msp.c.obj
 .debug_abbrev  0x000008ea      0x154 CMakeFiles/LED.elf.dir/Core/Src/stm32f1xx_it.c.obj
 .debug_abbrev  0x00000a3e      0x13e CMakeFiles/LED.elf.dir/Core/Src/system_stm32f1xx.c.obj
 .debug_abbrev  0x00000b7c       0x12 CMakeFiles/LED.elf.dir/Core/Startup/startup_stm32f103c8tx.s.obj
 .debug_abbrev  0x00000b8e      0x1f4 CMakeFiles/LED.elf.dir/Drivers/STM32F1xx_HAL_Driver/Src/stm32f1xx_hal.c.obj
 .debug_abbrev  0x00000d82      0x341 CMakeFiles/LED.elf.dir/Drivers/STM32F1xx_HAL_Driver/Src/stm32f1xx_hal_cortex.c.obj
 .debug_abbrev  0x000010c3      0x223 CMakeFiles/LED.elf.dir/Drivers/STM32F1xx_HAL_Driver/Src/stm32f1xx_hal_dma.c.obj
 .debug_abbrev  0x000012e6      0x1e6 CMakeFiles/LED.elf.dir/Drivers/STM32F1xx_HAL_Driver/Src/stm32f1xx_hal_gpio.c.obj
 .debug_abbrev  0x000014cc      0x293 CMakeFiles/LED.elf.dir/Drivers/STM32F1xx_HAL_Driver/Src/stm32f1xx_hal_i2c.c.obj
 .debug_abbrev  0x0000175f      0x27a CMakeFiles/LED.elf.dir/Drivers/STM32F1xx_HAL_Driver/Src/stm32f1xx_hal_rcc.c.obj

.debug_aranges  0x00000000      0x7b0
 .debug_aranges
                0x00000000       0x20 CMakeFiles/LED.elf.dir/Core/Src/dma.c.obj
 .debug_aranges
                0x00000020       0x20 CMakeFiles/LED.elf.dir/Core/Src/gpio.c.obj
 .debug_aranges
                0x00000040       0x30 CMakeFiles/LED.elf.dir/Core/Src/i2c.c.obj
 .debug_aranges
                0x00000070       0x30 CMakeFiles/LED.elf.dir/Core/Src/main.c.obj
 .debug_aranges
                0x000000a0       0xb8 CMakeFiles/LED.elf.dir/Core/Src/oled.c.obj
 .debug_aranges
                0x00000158       0x20 CMakeFiles/LED.elf.dir/Core/Src/stm32f1xx_hal_msp.c.obj
 .debug_aranges
                0x00000178       0x68 CMakeFiles/LED.elf.dir/Core/Src/stm32f1xx_it.c.obj
 .debug_aranges
                0x000001e0       0x28 CMakeFiles/LED.elf.dir/Core/Src/system_stm32f1xx.c.obj
 .debug_aranges
                0x00000208       0x28 CMakeFiles/LED.elf.dir/Core/Startup/startup_stm32f103c8tx.s.obj
 .debug_aranges
                0x00000230       0xe0 CMakeFiles/LED.elf.dir/Drivers/STM32F1xx_HAL_Driver/Src/stm32f1xx_hal.c.obj
 .debug_aranges
                0x00000310       0x90 CMakeFiles/LED.elf.dir/Drivers/STM32F1xx_HAL_Driver/Src/stm32f1xx_hal_cortex.c.obj
 .debug_aranges
                0x000003a0       0x80 CMakeFiles/LED.elf.dir/Drivers/STM32F1xx_HAL_Driver/Src/stm32f1xx_hal_dma.c.obj
 .debug_aranges
                0x00000420       0x58 CMakeFiles/LED.elf.dir/Drivers/STM32F1xx_HAL_Driver/Src/stm32f1xx_hal_gpio.c.obj
 .debug_aranges
                0x00000478      0x2a8 CMakeFiles/LED.elf.dir/Drivers/STM32F1xx_HAL_Driver/Src/stm32f1xx_hal_i2c.c.obj
 .debug_aranges
                0x00000720       0x90 CMakeFiles/LED.elf.dir/Drivers/STM32F1xx_HAL_Driver/Src/stm32f1xx_hal_rcc.c.obj

.debug_ranges   0x00000000      0x760
 .debug_ranges  0x00000000       0x10 CMakeFiles/LED.elf.dir/Core/Src/dma.c.obj
 .debug_ranges  0x00000010       0x10 CMakeFiles/LED.elf.dir/Core/Src/gpio.c.obj
 .debug_ranges  0x00000020       0x20 CMakeFiles/LED.elf.dir/Core/Src/i2c.c.obj
 .debug_ranges  0x00000040       0x20 CMakeFiles/LED.elf.dir/Core/Src/main.c.obj
 .debug_ranges  0x00000060       0xa8 CMakeFiles/LED.elf.dir/Core/Src/oled.c.obj
 .debug_ranges  0x00000108       0x10 CMakeFiles/LED.elf.dir/Core/Src/stm32f1xx_hal_msp.c.obj
 .debug_ranges  0x00000118       0x58 CMakeFiles/LED.elf.dir/Core/Src/stm32f1xx_it.c.obj
 .debug_ranges  0x00000170       0x18 CMakeFiles/LED.elf.dir/Core/Src/system_stm32f1xx.c.obj
 .debug_ranges  0x00000188       0x20 CMakeFiles/LED.elf.dir/Core/Startup/startup_stm32f103c8tx.s.obj
 .debug_ranges  0x000001a8       0xd0 CMakeFiles/LED.elf.dir/Drivers/STM32F1xx_HAL_Driver/Src/stm32f1xx_hal.c.obj
 .debug_ranges  0x00000278       0xe0 CMakeFiles/LED.elf.dir/Drivers/STM32F1xx_HAL_Driver/Src/stm32f1xx_hal_cortex.c.obj
 .debug_ranges  0x00000358       0x70 CMakeFiles/LED.elf.dir/Drivers/STM32F1xx_HAL_Driver/Src/stm32f1xx_hal_dma.c.obj
 .debug_ranges  0x000003c8       0x48 CMakeFiles/LED.elf.dir/Drivers/STM32F1xx_HAL_Driver/Src/stm32f1xx_hal_gpio.c.obj
 .debug_ranges  0x00000410      0x2b0 CMakeFiles/LED.elf.dir/Drivers/STM32F1xx_HAL_Driver/Src/stm32f1xx_hal_i2c.c.obj
 .debug_ranges  0x000006c0       0xa0 CMakeFiles/LED.elf.dir/Drivers/STM32F1xx_HAL_Driver/Src/stm32f1xx_hal_rcc.c.obj

.debug_line     0x00000000     0x98d7
 .debug_line    0x00000000      0x1bd CMakeFiles/LED.elf.dir/Core/Src/dma.c.obj
 .debug_line    0x000001bd      0x218 CMakeFiles/LED.elf.dir/Core/Src/gpio.c.obj
 .debug_line    0x000003d5      0x368 CMakeFiles/LED.elf.dir/Core/Src/i2c.c.obj
 .debug_line    0x0000073d      0x346 CMakeFiles/LED.elf.dir/Core/Src/main.c.obj
 .debug_line    0x00000a83      0x869 CMakeFiles/LED.elf.dir/Core/Src/oled.c.obj
 .debug_line    0x000012ec      0x188 CMakeFiles/LED.elf.dir/Core/Src/stm32f1xx_hal_msp.c.obj
 .debug_line    0x00001474      0x2f4 CMakeFiles/LED.elf.dir/Core/Src/stm32f1xx_it.c.obj
 .debug_line    0x00001768      0x252 CMakeFiles/LED.elf.dir/Core/Src/system_stm32f1xx.c.obj
 .debug_line    0x000019ba       0x95 CMakeFiles/LED.elf.dir/Core/Startup/startup_stm32f103c8tx.s.obj
 .debug_line    0x00001a4f      0x55e CMakeFiles/LED.elf.dir/Drivers/STM32F1xx_HAL_Driver/Src/stm32f1xx_hal.c.obj
 .debug_line    0x00001fad      0x657 CMakeFiles/LED.elf.dir/Drivers/STM32F1xx_HAL_Driver/Src/stm32f1xx_hal_cortex.c.obj
 .debug_line    0x00002604      0xa78 CMakeFiles/LED.elf.dir/Drivers/STM32F1xx_HAL_Driver/Src/stm32f1xx_hal_dma.c.obj
 .debug_line    0x0000307c      0x5ff CMakeFiles/LED.elf.dir/Drivers/STM32F1xx_HAL_Driver/Src/stm32f1xx_hal_gpio.c.obj
 .debug_line    0x0000367b     0x5620 CMakeFiles/LED.elf.dir/Drivers/STM32F1xx_HAL_Driver/Src/stm32f1xx_hal_i2c.c.obj
 .debug_line    0x00008c9b      0xc3c CMakeFiles/LED.elf.dir/Drivers/STM32F1xx_HAL_Driver/Src/stm32f1xx_hal_rcc.c.obj

.debug_str      0x00000000     0x247a
 .debug_str     0x00000000      0x4bf CMakeFiles/LED.elf.dir/Core/Src/dma.c.obj
                                0x4fc (size before relaxing)
 .debug_str     0x000004bf       0xb3 CMakeFiles/LED.elf.dir/Core/Src/gpio.c.obj
                                0x299 (size before relaxing)
 .debug_str     0x00000572      0x4f9 CMakeFiles/LED.elf.dir/Core/Src/i2c.c.obj
                                0x779 (size before relaxing)
 .debug_str     0x00000a6b      0x225 CMakeFiles/LED.elf.dir/Core/Src/main.c.obj
                                0x429 (size before relaxing)
 .debug_str     0x00000c90       0xf7 CMakeFiles/LED.elf.dir/Core/Src/oled.c.obj
                                0x7d7 (size before relaxing)
 .debug_str     0x00000d87       0x69 CMakeFiles/LED.elf.dir/Core/Src/stm32f1xx_hal_msp.c.obj
                                0x23b (size before relaxing)
 .debug_str     0x00000df0       0xf2 CMakeFiles/LED.elf.dir/Core/Src/stm32f1xx_it.c.obj
                                0x462 (size before relaxing)
 .debug_str     0x00000ee2       0x8d CMakeFiles/LED.elf.dir/Core/Src/system_stm32f1xx.c.obj
                                0x270 (size before relaxing)
 .debug_str     0x00000f6f       0x45 CMakeFiles/LED.elf.dir/Core/Startup/startup_stm32f103c8tx.s.obj
                                 0x69 (size before relaxing)
 .debug_str     0x00000fb4      0x313 CMakeFiles/LED.elf.dir/Drivers/STM32F1xx_HAL_Driver/Src/stm32f1xx_hal.c.obj
                                0x840 (size before relaxing)
 .debug_str     0x000012c7      0x3c1 CMakeFiles/LED.elf.dir/Drivers/STM32F1xx_HAL_Driver/Src/stm32f1xx_hal_cortex.c.obj
                                0x8ef (size before relaxing)
 .debug_str     0x00001688      0x21f CMakeFiles/LED.elf.dir/Drivers/STM32F1xx_HAL_Driver/Src/stm32f1xx_hal_dma.c.obj
                                0x619 (size before relaxing)
 .debug_str     0x000018a7      0x124 CMakeFiles/LED.elf.dir/Drivers/STM32F1xx_HAL_Driver/Src/stm32f1xx_hal_gpio.c.obj
                                0x41c (size before relaxing)
 .debug_str     0x000019cb      0x8cc CMakeFiles/LED.elf.dir/Drivers/STM32F1xx_HAL_Driver/Src/stm32f1xx_hal_i2c.c.obj
                                0xfe1 (size before relaxing)
 .debug_str     0x00002297      0x1e3 CMakeFiles/LED.elf.dir/Drivers/STM32F1xx_HAL_Driver/Src/stm32f1xx_hal_rcc.c.obj
                                0x647 (size before relaxing)

.comment        0x00000000       0x49
 .comment       0x00000000       0x49 CMakeFiles/LED.elf.dir/Core/Src/dma.c.obj
                                 0x4a (size before relaxing)
 .comment       0x00000049       0x4a CMakeFiles/LED.elf.dir/Core/Src/gpio.c.obj
 .comment       0x00000049       0x4a CMakeFiles/LED.elf.dir/Core/Src/i2c.c.obj
 .comment       0x00000049       0x4a CMakeFiles/LED.elf.dir/Core/Src/main.c.obj
 .comment       0x00000049       0x4a CMakeFiles/LED.elf.dir/Core/Src/oled.c.obj
 .comment       0x00000049       0x4a CMakeFiles/LED.elf.dir/Core/Src/stm32f1xx_hal_msp.c.obj
 .comment       0x00000049       0x4a CMakeFiles/LED.elf.dir/Core/Src/stm32f1xx_it.c.obj
 .comment       0x00000049       0x4a CMakeFiles/LED.elf.dir/Core/Src/system_stm32f1xx.c.obj
 .comment       0x00000049       0x4a CMakeFiles/LED.elf.dir/Drivers/STM32F1xx_HAL_Driver/Src/stm32f1xx_hal.c.obj
 .comment       0x00000049       0x4a CMakeFiles/LED.elf.dir/Drivers/STM32F1xx_HAL_Driver/Src/stm32f1xx_hal_cortex.c.obj
 .comment       0x00000049       0x4a CMakeFiles/LED.elf.dir/Drivers/STM32F1xx_HAL_Driver/Src/stm32f1xx_hal_dma.c.obj
 .comment       0x00000049       0x4a CMakeFiles/LED.elf.dir/Drivers/STM32F1xx_HAL_Driver/Src/stm32f1xx_hal_gpio.c.obj
 .comment       0x00000049       0x4a CMakeFiles/LED.elf.dir/Drivers/STM32F1xx_HAL_Driver/Src/stm32f1xx_hal_i2c.c.obj
 .comment       0x00000049       0x4a CMakeFiles/LED.elf.dir/Drivers/STM32F1xx_HAL_Driver/Src/stm32f1xx_hal_rcc.c.obj

.debug_frame    0x00000000     0x1674
 .debug_frame   0x00000000       0x2c CMakeFiles/LED.elf.dir/Core/Src/dma.c.obj
 .debug_frame   0x0000002c       0x38 CMakeFiles/LED.elf.dir/Core/Src/gpio.c.obj
 .debug_frame   0x00000064       0x68 CMakeFiles/LED.elf.dir/Core/Src/i2c.c.obj
 .debug_frame   0x000000cc       0x5c CMakeFiles/LED.elf.dir/Core/Src/main.c.obj
 .debug_frame   0x00000128      0x234 CMakeFiles/LED.elf.dir/Core/Src/oled.c.obj
 .debug_frame   0x0000035c       0x28 CMakeFiles/LED.elf.dir/Core/Src/stm32f1xx_hal_msp.c.obj
 .debug_frame   0x00000384       0xc0 CMakeFiles/LED.elf.dir/Core/Src/stm32f1xx_it.c.obj
 .debug_frame   0x00000444       0x30 CMakeFiles/LED.elf.dir/Core/Src/system_stm32f1xx.c.obj
 .debug_frame   0x00000474      0x1cc CMakeFiles/LED.elf.dir/Drivers/STM32F1xx_HAL_Driver/Src/stm32f1xx_hal.c.obj
 .debug_frame   0x00000640      0x118 CMakeFiles/LED.elf.dir/Drivers/STM32F1xx_HAL_Driver/Src/stm32f1xx_hal_cortex.c.obj
 .debug_frame   0x00000758      0x144 CMakeFiles/LED.elf.dir/Drivers/STM32F1xx_HAL_Driver/Src/stm32f1xx_hal_dma.c.obj
 .debug_frame   0x0000089c       0xe4 CMakeFiles/LED.elf.dir/Drivers/STM32F1xx_HAL_Driver/Src/stm32f1xx_hal_gpio.c.obj
 .debug_frame   0x00000980      0x984 CMakeFiles/LED.elf.dir/Drivers/STM32F1xx_HAL_Driver/Src/stm32f1xx_hal_i2c.c.obj
 .debug_frame   0x00001304      0x184 CMakeFiles/LED.elf.dir/Drivers/STM32F1xx_HAL_Driver/Src/stm32f1xx_hal_rcc.c.obj
 .debug_frame   0x00001488       0x2c e:/software/stm32cube/gcc-arm-none-eabi-10.3-2021.10/bin/../lib/gcc/arm-none-eabi/10.3.1/../../../../arm-none-eabi/lib/thumb/v7-m/nofp\libg.a(lib_a-init.o)
 .debug_frame   0x000014b4       0x2c e:/software/stm32cube/gcc-arm-none-eabi-10.3-2021.10/bin/../lib/gcc/arm-none-eabi/10.3.1/../../../../arm-none-eabi/lib/thumb/v7-m/nofp\libg.a(lib_a-memset.o)
 .debug_frame   0x000014e0       0x5c e:/software/stm32cube/gcc-arm-none-eabi-10.3-2021.10/bin/../lib/gcc/arm-none-eabi/10.3.1/../../../../arm-none-eabi/lib/thumb/v7-m/nofp\libg.a(lib_a-__call_atexit.o)
 .debug_frame   0x0000153c       0x20 e:/software/stm32cube/gcc-arm-none-eabi-10.3-2021.10/bin/../lib/gcc/arm-none-eabi/10.3.1/../../../../arm-none-eabi/lib/thumb/v7-m/nofp\libg.a(lib_a-atexit.o)
 .debug_frame   0x0000155c       0x34 e:/software/stm32cube/gcc-arm-none-eabi-10.3-2021.10/bin/../lib/gcc/arm-none-eabi/10.3.1/../../../../arm-none-eabi/lib/thumb/v7-m/nofp\libg.a(lib_a-fini.o)
 .debug_frame   0x00001590       0xb0 e:/software/stm32cube/gcc-arm-none-eabi-10.3-2021.10/bin/../lib/gcc/arm-none-eabi/10.3.1/../../../../arm-none-eabi/lib/thumb/v7-m/nofp\libg.a(lib_a-lock.o)
 .debug_frame   0x00001640       0x34 e:/software/stm32cube/gcc-arm-none-eabi-10.3-2021.10/bin/../lib/gcc/arm-none-eabi/10.3.1/../../../../arm-none-eabi/lib/thumb/v7-m/nofp\libg.a(lib_a-__atexit.o)

.debug_loc      0x00000000     0x6784
 .debug_loc     0x00000000       0x7e CMakeFiles/LED.elf.dir/Core/Src/i2c.c.obj
 .debug_loc     0x0000007e       0x31 CMakeFiles/LED.elf.dir/Core/Src/main.c.obj
 .debug_loc     0x000000af      0x931 CMakeFiles/LED.elf.dir/Core/Src/oled.c.obj
 .debug_loc     0x000009e0       0x15 CMakeFiles/LED.elf.dir/Core/Src/stm32f1xx_hal_msp.c.obj
 .debug_loc     0x000009f5       0xff CMakeFiles/LED.elf.dir/Core/Src/system_stm32f1xx.c.obj
 .debug_loc     0x00000af4      0x141 CMakeFiles/LED.elf.dir/Drivers/STM32F1xx_HAL_Driver/Src/stm32f1xx_hal.c.obj
 .debug_loc     0x00000c35      0x71f CMakeFiles/LED.elf.dir/Drivers/STM32F1xx_HAL_Driver/Src/stm32f1xx_hal_cortex.c.obj
 .debug_loc     0x00001354      0x7d1 CMakeFiles/LED.elf.dir/Drivers/STM32F1xx_HAL_Driver/Src/stm32f1xx_hal_dma.c.obj
 .debug_loc     0x00001b25      0x47d CMakeFiles/LED.elf.dir/Drivers/STM32F1xx_HAL_Driver/Src/stm32f1xx_hal_gpio.c.obj
 .debug_loc     0x00001fa2     0x41ca CMakeFiles/LED.elf.dir/Drivers/STM32F1xx_HAL_Driver/Src/stm32f1xx_hal_i2c.c.obj
 .debug_loc     0x0000616c      0x618 CMakeFiles/LED.elf.dir/Drivers/STM32F1xx_HAL_Driver/Src/stm32f1xx_hal_rcc.c.obj
